openapi: "3.0.0"
paths:
  /pet:
    post:
      operationId: postPet
