openapi: "3.0.0"
paths:
  /pet:
    get:
      operationId: testSchemaYAML
