swagger: '2.0'
paths:
  /pet/findByStatus:
    get:
      tags:
        - inline
      operationId: findPetsByStatus
      parameters:
        - name: status
          in: query
          required: true
          type: array
          items:
            type: string
            enum:
              - available
              - pending
              - sold
            default: available
          collectionFormat: csv
