openapi: "3.0.0"
paths:
  /pet:
    post:
      operationId: postPet
      requestBody:
        content:
            application/json:
                schema:
                    type: object
                    required:
                        - petId
                    properties:
                        petId:
                            type: integer
