swagger: '2.0'
paths:
  /pet:
    get:
        summary: Info for a specific pet
definitions:
  Pet:
    type: object
    required:
      - name
    properties:
      name:
        type: string
