openapi: "3.0.0"
paths:
  /pet:
    put:
      operationId: putPet
