swagger: '2.0'
paths:
  /pet/findByStatus:
    get:
      summary: Finds Pets by status
definitions:
  Category:
    type: object
    properties:
      id:
        type: integer
        format: int64
      name:
        type: string
    xml:
      name: Category
  Tag:
    type: object
    properties:
      id:
        type: integer
        format: int64
      name:
        type: string
    xml:
      name: Tag
  Pet:
    type: object
    required:
      - name
      - photoUrls
    properties:
      id:
        type: integer
        format: int64
      category:
        $ref: '#/definitions/Category'
      name:
        type: string
        example: doggie
      photoUrls:
        type: array
        xml:
          name: photoUrl
          wrapped: true
        items:
          type: string
      tags:
        type: array
        xml:
          name: tag
          wrapped: true
        items:
          $ref: '#/definitions/Tag'
      status:
        type: string
        enum:
          - available
          - pending
          - sold
    xml:
      name: Pet
