swagger: '2.0'
paths:
  /pet/findByStatus:
    get:
      operationId: findPetsByStatus
      responses:
        '200':
          description: successful operation
          schema:
            type: array
            items:
              $ref: '#/definitions/Pet'
        '400':
          description: Invalid status value
definitions:
  Pet:
    type: object
    properties:
      id:
        type: integer
        format: int64
      name:
        type: string
        example: doggie
      photoUrls:
        type: array
        xml:
          name: photoUrl
          wrapped: true
        items:
          type: string
      status:
        type: string
        enum:
          - available
          - pending
          - sold
