openapi: "3.0.0"
paths:
  /pets/{petId}:
    get:
      operationId: getPet
      parameters:
        - name: petId
          in: path
          required: false
          schema:
            type: integer
