swagger: '2.0'
info:
  description: 'This is a sample server Petstore server. For this sample, you can use the api key `special-key` to test the authorization filters.'
  version: 1.0.0
  title: OpenAPI Petstore
  license:
    name: Apache-2.0
    url: 'http://www.apache.org/licenses/LICENSE-2.0.html'
paths:
  /pet/findByStatus:
    get:
      tags:
        - requestDoc
      summary: Finds Pets by status
      description: Multiple status values can be provided with comma separated strings
      operationId: findPetsByStatus
      produces:
        - application/xml
        - application/json
      parameters:
        - name: status
          in: query
          description: Status values that need to be considered for filter
      responses:
        '200':
          description: successful operation
        '400':
          description: Invalid status value
