{
    "openapi": "3.0.0",
    
    "info": {
      "version": "1.0.0",
      "title": "Swagger Petstore",
      "license": {
        "name": "MIT"
      }
    },
    
    "paths": {
      "/pets": {
        "get": {
          "summary": "List all pets",
          "operationId": "testSchemaFormat"
        }
      }
    }
}
