swagger: "2.0"
paths:
  /pet:
    get:
      operationId: testSchemaSwagger
