openapi: "3.0.0"
paths:
  /pet:
    delete:
      operationId: deletePet
