swagger: '2.0'
paths:
  /pet:
    get:
        summary: Info for a specific pet
definitions:
  PetDocumented:
    title: a Pet
    description: A pet for sale in the pet store
    type: object
    required:
      - name
      - photoUrls
    properties:
      id:
        type: integer
        format: int64
      name:
        type: string
        example: doggie
      photoUrls:
        type: array
        description: pet docs for photoUrls
        xml:
          name: photoUrl
          wrapped: true
        items:
          type: string
      status:
        type: string
        description: pet status in the store
        enum:
          - available
          - pending
          - sold
    xml:
      name: Pet
